Starting training for 50 epochs...

      Epoch    GPU_mem   box_loss   cls_loss   dfl_loss  Instances       Size
       1/50      4.03G      1.215     0.8007       1.05        383        640: 100% ━━━━━━━━━━━━ 1069/1069 5.0it/s 3:36
                 Class     Images  Instances      Box(P          R      mAP50  mAP50-95): 100% ━━━━━━━━━━━━ 152/152 6.0it/s 25.1s
                   all       2431     143440      0.903      0.808       0.86      0.607

      Epoch    GPU_mem   box_loss   cls_loss   dfl_loss  Instances       Size
       2/50      4.83G     0.7882     0.4679     0.8797        636        640: 100% ━━━━━━━━━━━━ 1069/1069 5.5it/s 3:13
                 Class     Images  Instances      Box(P          R      mAP50  mAP50-95): 100% ━━━━━━━━━━━━ 152/152 6.8it/s 22.4s
                   all       2431     143440      0.946      0.798      0.868      0.685

      Epoch    GPU_mem   box_loss   cls_loss   dfl_loss  Instances       Size
       3/50      4.88G     0.6767     0.4186     0.8515        338        640: 100% ━━━━━━━━━━━━ 1069/1069 5.4it/s 3:17
                 Class     Images  Instances      Box(P          R      mAP50  mAP50-95): 100% ━━━━━━━━━━━━ 152/152 6.6it/s 23.0s
                   all       2431     143440      0.899      0.877      0.909      0.734

      Epoch    GPU_mem   box_loss   cls_loss   dfl_loss  Instances       Size
       4/50      4.88G     0.6104     0.3839     0.8398        237        640: 100% ━━━━━━━━━━━━ 1069/1069 5.3it/s 3:20
                 Class     Images  Instances      Box(P          R      mAP50  mAP50-95): 100% ━━━━━━━━━━━━ 152/152 6.6it/s 22.9s
                   all       2431     143440      0.906      0.931      0.952      0.766

      Epoch    GPU_mem   box_loss   cls_loss   dfl_loss  Instances       Size
       5/50      5.28G     0.5836     0.3672     0.8359        297        640: 100% ━━━━━━━━━━━━ 1069/1069 5.3it/s 3:20
                 Class     Images  Instances      Box(P          R      mAP50  mAP50-95): 100% ━━━━━━━━━━━━ 152/152 6.6it/s 22.9s
                   all       2431     143440      0.924      0.897      0.982      0.753

      Epoch    GPU_mem   box_loss   cls_loss   dfl_loss  Instances       Size
       6/50      5.32G     0.5556     0.3449     0.8296        346        640: 100% ━━━━━━━━━━━━ 1069/1069 5.3it/s 3:21
                 Class     Images  Instances      Box(P          R      mAP50  mAP50-95): 100% ━━━━━━━━━━━━ 152/152 6.6it/s 22.9s
                   all       2431     143440      0.704       0.95      0.942       0.76

      Epoch    GPU_mem   box_loss   cls_loss   dfl_loss  Instances       Size
       7/50      5.36G     0.5266     0.3287     0.8234        479        640: 100% ━━━━━━━━━━━━ 1069/1069 5.3it/s 3:21
                 Class     Images  Instances      Box(P          R      mAP50  mAP50-95): 100% ━━━━━━━━━━━━ 152/152 6.6it/s 22.9s
                   all       2431     143440      0.942      0.943      0.978      0.798

      Epoch    GPU_mem   box_loss   cls_loss   dfl_loss  Instances       Size
       8/50      5.39G     0.5147     0.3184     0.8209        433        640: 100% ━━━━━━━━━━━━ 1069/1069 5.3it/s 3:21
                 Class     Images  Instances      Box(P          R      mAP50  mAP50-95): 100% ━━━━━━━━━━━━ 152/152 6.6it/s 23.0s
                   all       2431     143440      0.968      0.937      0.982        0.8

      Epoch    GPU_mem   box_loss   cls_loss   dfl_loss  Instances       Size
       9/50      5.39G     0.4961     0.3065     0.8188        165        640: 100% ━━━━━━━━━━━━ 1069/1069 5.3it/s 3:21
                 Class     Images  Instances      Box(P          R      mAP50  mAP50-95): 100% ━━━━━━━━━━━━ 152/152 6.6it/s 22.9s
                   all       2431     143440      0.956      0.994      0.988      0.816

      Epoch    GPU_mem   box_loss   cls_loss   dfl_loss  Instances       Size
      10/50      5.39G     0.4833     0.2996     0.8164        222        640: 100% ━━━━━━━━━━━━ 1069/1069 5.3it/s 3:21
                 Class     Images  Instances      Box(P          R      mAP50  mAP50-95): 100% ━━━━━━━━━━━━ 152/152 6.6it/s 23.0s
                   all       2431     143440      0.988      0.977      0.991      0.823

      Epoch    GPU_mem   box_loss   cls_loss   dfl_loss  Instances       Size
      11/50      5.39G     0.4695     0.2932     0.8133        206        640: 100% ━━━━━━━━━━━━ 1069/1069 5.3it/s 3:21
                 Class     Images  Instances      Box(P          R      mAP50  mAP50-95): 100% ━━━━━━━━━━━━ 152/152 6.7it/s 22.8s
                   all       2431     143440      0.982      0.965      0.982      0.822

      Epoch    GPU_mem   box_loss   cls_loss   dfl_loss  Instances       Size
      12/50      5.39G     0.4553     0.2772     0.8109        252        640: 100% ━━━━━━━━━━━━ 1069/1069 5.3it/s 3:23
                 Class     Images  Instances      Box(P          R      mAP50  mAP50-95): 100% ━━━━━━━━━━━━ 152/152 6.5it/s 23.3s
                   all       2431     143440      0.996      0.964      0.991       0.84

      Epoch    GPU_mem   box_loss   cls_loss   dfl_loss  Instances       Size
      13/50      5.39G     0.4506     0.2761     0.8102        180        640: 100% ━━━━━━━━━━━━ 1069/1069 5.3it/s 3:21
                 Class     Images  Instances      Box(P          R      mAP50  mAP50-95): 100% ━━━━━━━━━━━━ 152/152 6.6it/s 23.0s
                   all       2431     143440       0.98      0.958      0.986       0.84

      Epoch    GPU_mem   box_loss   cls_loss   dfl_loss  Instances       Size
      14/50      5.39G     0.4315     0.2647     0.8078        154        640: 100% ━━━━━━━━━━━━ 1069/1069 5.3it/s 3:21
                 Class     Images  Instances      Box(P          R      mAP50  mAP50-95): 100% ━━━━━━━━━━━━ 152/152 6.7it/s 22.8s
                   all       2431     143440      0.984      0.954      0.985      0.831

      Epoch    GPU_mem   box_loss   cls_loss   dfl_loss  Instances       Size
      15/50      5.39G     0.4261     0.2611     0.8061        321        640: 100% ━━━━━━━━━━━━ 1069/1069 5.3it/s 3:20
                 Class     Images  Instances      Box(P          R      mAP50  mAP50-95): 100% ━━━━━━━━━━━━ 152/152 6.7it/s 22.8s
                   all       2431     143440      0.987      0.989      0.993      0.844

      Epoch    GPU_mem   box_loss   cls_loss   dfl_loss  Instances       Size
      16/50      5.79G     0.4154     0.2577     0.8049        363        640: 100% ━━━━━━━━━━━━ 1069/1069 5.3it/s 3:21
                 Class     Images  Instances      Box(P          R      mAP50  mAP50-95): 100% ━━━━━━━━━━━━ 152/152 6.7it/s 22.8s
                   all       2431     143440      0.975      0.982      0.988      0.806

      Epoch    GPU_mem   box_loss   cls_loss   dfl_loss  Instances       Size
      17/50      5.79G     0.4049     0.2516     0.8027        395        640: 100% ━━━━━━━━━━━━ 1069/1069 5.3it/s 3:21
                 Class     Images  Instances      Box(P          R      mAP50  mAP50-95): 100% ━━━━━━━━━━━━ 152/152 6.6it/s 22.9s
                   all       2431     143440      0.953      0.968       0.98      0.843

      Epoch    GPU_mem   box_loss   cls_loss   dfl_loss  Instances       Size
      18/50      5.79G     0.3973     0.2444     0.8017        324        640: 100% ━━━━━━━━━━━━ 1069/1069 5.3it/s 3:20
                 Class     Images  Instances      Box(P          R      mAP50  mAP50-95): 100% ━━━━━━━━━━━━ 152/152 6.7it/s 22.9s
                   all       2431     143440       0.97      0.977      0.991      0.847

      Epoch    GPU_mem   box_loss   cls_loss   dfl_loss  Instances       Size
      19/50      5.79G     0.3918     0.2427     0.8003        162        640: 100% ━━━━━━━━━━━━ 1069/1069 5.3it/s 3:21
                 Class     Images  Instances      Box(P          R      mAP50  mAP50-95): 100% ━━━━━━━━━━━━ 152/152 6.6it/s 22.9s
                   all       2431     143440      0.992      0.975      0.988      0.851

      Epoch    GPU_mem   box_loss   cls_loss   dfl_loss  Instances       Size
      20/50      5.79G     0.3868     0.2396     0.8003        214        640: 100% ━━━━━━━━━━━━ 1069/1069 5.3it/s 3:21
                 Class     Images  Instances      Box(P          R      mAP50  mAP50-95): 100% ━━━━━━━━━━━━ 152/152 6.7it/s 22.8s
                   all       2431     143440      0.997      0.988      0.994       0.86

      Epoch    GPU_mem   box_loss   cls_loss   dfl_loss  Instances       Size
      21/50      5.79G     0.3746     0.2336     0.7978        513        640: 100% ━━━━━━━━━━━━ 1069/1069 5.3it/s 3:21
                 Class     Images  Instances      Box(P          R      mAP50  mAP50-95): 100% ━━━━━━━━━━━━ 152/152 6.7it/s 22.8s
                   all       2431     143440      0.989      0.985      0.993      0.857

      Epoch    GPU_mem   box_loss   cls_loss   dfl_loss  Instances       Size
      22/50      5.79G     0.3706     0.2299     0.7978        308        640: 100% ━━━━━━━━━━━━ 1069/1069 5.3it/s 3:21
                 Class     Images  Instances      Box(P          R      mAP50  mAP50-95): 100% ━━━━━━━━━━━━ 152/152 6.5it/s 23.2s
                   all       2431     143440      0.974      0.965      0.984      0.846

      Epoch    GPU_mem   box_loss   cls_loss   dfl_loss  Instances       Size
      23/50      5.79G     0.3627     0.2276     0.7964        184        640: 100% ━━━━━━━━━━━━ 1069/1069 5.3it/s 3:22
                 Class     Images  Instances      Box(P          R      mAP50  mAP50-95): 100% ━━━━━━━━━━━━ 152/152 6.5it/s 23.3s
                   all       2431     143440      0.986      0.969      0.992      0.876

      Epoch    GPU_mem   box_loss   cls_loss   dfl_loss  Instances       Size
      24/50      5.79G     0.3586     0.2259     0.7959        286        640: 100% ━━━━━━━━━━━━ 1069/1069 5.3it/s 3:22
                 Class     Images  Instances      Box(P          R      mAP50  mAP50-95): 100% ━━━━━━━━━━━━ 152/152 5.7it/s 26.8s
                   all       2431     143440      0.994      0.982      0.993       0.86

      Epoch    GPU_mem   box_loss   cls_loss   dfl_loss  Instances       Size
      25/50      5.79G     0.3534      0.223     0.7952        296        640: 100% ━━━━━━━━━━━━ 1069/1069 4.8it/s 3:44
                 Class     Images  Instances      Box(P          R      mAP50  mAP50-95): 100% ━━━━━━━━━━━━ 152/152 6.1it/s 25.1s
                   all       2431     143440      0.997      0.979      0.993      0.851

      Epoch    GPU_mem   box_loss   cls_loss   dfl_loss  Instances       Size
      26/50      5.79G     0.3444     0.2176     0.7936        365        640: 100% ━━━━━━━━━━━━ 1069/1069 5.3it/s 3:21
                 Class     Images  Instances      Box(P          R      mAP50  mAP50-95): 100% ━━━━━━━━━━━━ 152/152 6.6it/s 23.1s
                   all       2431     143440      0.964      0.984      0.987      0.848

      Epoch    GPU_mem   box_loss   cls_loss   dfl_loss  Instances       Size
      27/50      5.79G     0.3358     0.2138     0.7924        324        640: 100% ━━━━━━━━━━━━ 1069/1069 5.3it/s 3:22
                 Class     Images  Instances      Box(P          R      mAP50  mAP50-95): 100% ━━━━━━━━━━━━ 152/152 6.5it/s 23.3s
                   all       2431     143440      0.994       0.97      0.993      0.873

      Epoch    GPU_mem   box_loss   cls_loss   dfl_loss  Instances       Size
      28/50      5.79G     0.3386     0.2149     0.7931        319        640: 100% ━━━━━━━━━━━━ 1069/1069 5.3it/s 3:21
                 Class     Images  Instances      Box(P          R      mAP50  mAP50-95): 100% ━━━━━━━━━━━━ 152/152 6.5it/s 23.3s
                   all       2431     143440      0.998      0.984      0.993      0.867

      Epoch    GPU_mem   box_loss   cls_loss   dfl_loss  Instances       Size
      29/50      5.79G     0.3283     0.2091     0.7911        196        640: 100% ━━━━━━━━━━━━ 1069/1069 5.3it/s 3:22
                 Class     Images  Instances      Box(P          R      mAP50  mAP50-95): 100% ━━━━━━━━━━━━ 152/152 6.6it/s 23.2s
                   all       2431     143440      0.999       0.98      0.993      0.869

      Epoch    GPU_mem   box_loss   cls_loss   dfl_loss  Instances       Size
      30/50      5.79G     0.3257     0.2083     0.7906        229        640: 100% ━━━━━━━━━━━━ 1069/1069 5.3it/s 3:22
                 Class     Images  Instances      Box(P          R      mAP50  mAP50-95): 100% ━━━━━━━━━━━━ 152/152 6.6it/s 23.2s
                   all       2431     143440      0.999      0.972      0.989      0.852

      Epoch    GPU_mem   box_loss   cls_loss   dfl_loss  Instances       Size
      31/50      5.79G     0.3213     0.2042     0.7904        118        640: 100% ━━━━━━━━━━━━ 1069/1069 5.3it/s 3:22
                 Class     Images  Instances      Box(P          R      mAP50  mAP50-95): 100% ━━━━━━━━━━━━ 152/152 6.6it/s 23.0s
                   all       2431     143440      0.989      0.978      0.993      0.861

      Epoch    GPU_mem   box_loss   cls_loss   dfl_loss  Instances       Size
      32/50      5.79G     0.3175     0.2032       0.79        460        640: 100% ━━━━━━━━━━━━ 1069/1069 5.3it/s 3:21
                 Class     Images  Instances      Box(P          R      mAP50  mAP50-95): 100% ━━━━━━━━━━━━ 152/152 6.6it/s 23.0s
                   all       2431     143440      0.994      0.989      0.994      0.865

      Epoch    GPU_mem   box_loss   cls_loss   dfl_loss  Instances       Size
      33/50      5.79G     0.3137     0.2014     0.7897        261        640: 100% ━━━━━━━━━━━━ 1069/1069 5.3it/s 3:21
                 Class     Images  Instances      Box(P          R      mAP50  mAP50-95): 100% ━━━━━━━━━━━━ 152/152 6.6it/s 23.2s
                   all       2431     143440       0.99      0.969      0.993      0.874

      Epoch    GPU_mem   box_loss   cls_loss   dfl_loss  Instances       Size
      34/50      5.79G     0.3105     0.2004     0.7894        192        640: 100% ━━━━━━━━━━━━ 1069/1069 5.3it/s 3:22
                 Class     Images  Instances      Box(P          R      mAP50  mAP50-95): 100% ━━━━━━━━━━━━ 152/152 6.6it/s 23.1s
                   all       2431     143440      0.988      0.995      0.995      0.871

      Epoch    GPU_mem   box_loss   cls_loss   dfl_loss  Instances       Size
      35/50      5.79G     0.3022     0.1963     0.7883        329        640: 100% ━━━━━━━━━━━━ 1069/1069 5.3it/s 3:22
                 Class     Images  Instances      Box(P          R      mAP50  mAP50-95): 100% ━━━━━━━━━━━━ 152/152 6.6it/s 23.2s
                   all       2431     143440       0.99      0.988      0.994      0.866

      Epoch    GPU_mem   box_loss   cls_loss   dfl_loss  Instances       Size
      36/50      5.79G     0.2978     0.1936     0.7879        413        640: 100% ━━━━━━━━━━━━ 1069/1069 5.2it/s 3:25
                 Class     Images  Instances      Box(P          R      mAP50  mAP50-95): 100% ━━━━━━━━━━━━ 152/152 6.3it/s 24.1s
                   all       2431     143440      0.999      0.974      0.993      0.867

      Epoch    GPU_mem   box_loss   cls_loss   dfl_loss  Instances       Size
      37/50      5.79G      0.292     0.1904      0.787        187        640: 100% ━━━━━━━━━━━━ 1069/1069 5.2it/s 3:26
                 Class     Images  Instances      Box(P          R      mAP50  mAP50-95): 100% ━━━━━━━━━━━━ 152/152 6.6it/s 23.1s
                   all       2431     143440      0.998      0.988      0.994      0.874

      Epoch    GPU_mem   box_loss   cls_loss   dfl_loss  Instances       Size
      38/50      5.79G     0.2893     0.1889     0.7863        198        640: 100% ━━━━━━━━━━━━ 1069/1069 5.2it/s 3:25
                 Class     Images  Instances      Box(P          R      mAP50  mAP50-95): 100% ━━━━━━━━━━━━ 152/152 6.3it/s 24.2s
                   all       2431     143440      0.994      0.985      0.994      0.871
EarlyStopping: Training stopped early as no improvement observed in last 15 epochs. Best results observed at epoch 23, best model saved as best.pt.
To update EarlyStopping(patience=15) pass a new patience value, i.e. `patience=300` or use `patience=0` to disable EarlyStopping.

38 epochs completed in 2.386 hours.
Optimizer stripped from D:\Projekt-Modul-5\runs\detect\runs_yolo\v2_yolov8s\weights\last.pt, 22.5MB
Optimizer stripped from D:\Projekt-Modul-5\runs\detect\runs_yolo\v2_yolov8s\weights\best.pt, 22.5MB

Validating D:\Projekt-Modul-5\runs\detect\runs_yolo\v2_yolov8s\weights\best.pt...
Ultralytics 8.4.19  Python-3.10.19 torch-2.7.1+cu118 CUDA:0 (NVIDIA GeForce RTX 3060, 12288MiB)
Model summary (fused): 73 layers, 11,127,132 parameters, 0 gradients, 28.4 GFLOPs
                 Class     Images  Instances      Box(P          R      mAP50  mAP50-95): 100% ━━━━━━━━━━━━ 152/152 6.0it/s 25.3s
                   all       2431     143440      0.974      0.975      0.992      0.875
------------------------------       1974      69741      0.999      0.999      0.994      0.976
        PKLot - v1 raw       2062      73629      0.998      0.996      0.995       0.98
Parking Lot Top View - v1 Verzija_25_7_3          7         70      0.924      0.929      0.986      0.667
Speed: 0.1ms preprocess, 3.8ms inference, 0.0ms loss, 1.3ms postprocess per image
Results saved to D:\Projekt-Modul-5\runs\detect\runs_yolo\v2_yolov8s

✅ Trening gotov. Najbolji model: runs_yolo\detect\v2_yolov8s\weights\best.pt